// Jest Snapshot v1, https://goo.gl/fbAQLP

exports[`ButtonGroup component matches snapshot 1`] = `
<div
  className="css-co87ft"
>
  <button
    className="css-1ut4tw3"
    onClick={[Function]}
    onMouseEnter={[Function]}
    onMouseLeave={[Function]}
  >
    Foo
  </button>
  <div
    className="css-14vqfdl"
  />
  <button
    className="css-1wvs27t"
    onClick={[Function]}
    onMouseEnter={[Function]}
    onMouseLeave={[Function]}
  >
    Bar
  </button>
</div>
`;
