// Jest Snapshot v1, https://goo.gl/fbAQLP

exports[`EndCardWrapper component matches snapshot 1`] = `
<div
  className="css-wwcd6k"
  color="outerSpace"
  layer="2"
  onClick={[Function]}
  position="absolute"
  style={
    Object {
      "opacity": 0,
      "transform": "scale(1.1)",
    }
  }
>
  <div
    className="css-upe1zs"
  />
  Foo
  <div
    className="css-upe1zs"
  />
</div>
`;
