// Jest Snapshot v1, https://goo.gl/fbAQLP

exports[`Tabs component matches snapshot 1`] = `
<div
  className="css-1xhj18k"
>
  <div
    className="css-17xbw2"
    onClick={[Function]}
    onMouseEnter={[Function]}
    onMouseLeave={[Function]}
    overflow="hidden"
    position="relative"
  >
    <div
      backgroundColor="saltBox"
      className="css-u4k9dx"
      height="m"
      position="absolute"
      width="m"
    />
    <p
      className="css-1hhdzfd"
      color="color"
    >
      foo
    </p>
  </div>
  <div
    className="css-17xbw2"
    onClick={[Function]}
    onMouseEnter={[Function]}
    onMouseLeave={[Function]}
    overflow="hidden"
    position="relative"
  >
    <div
      backgroundColor="saltBox"
      className="css-u4k9dx"
      height="m"
      position="absolute"
      width="m"
    />
    <p
      className="css-1hhdzfd"
      color="color"
    >
      bar
    </p>
  </div>
</div>
`;
