// Jest Snapshot v1, https://goo.gl/fbAQLP

exports[`InfoModal should match snapshot 1`] = `
<div
  className="css-ehyxbj"
  closeTimeoutMS={200}
  data-mujo={true}
  isOpen={true}
  outlineColor="saltBox"
  overlayClassName="mujo-modal css-qcfpiy"
  portalClassName="css-1bdqre4"
  shouldCloseOnOverlayClick={true}
>
  <div
    className="css-1mv301s"
    position="absolute"
  >
    <svg
      fill="none"
      height={32}
      icon="close"
      stroke="#EAE2EB"
      strokeLinecap="round"
      strokeLinejoin="round"
      strokeWidth="2"
      viewBox="0 0 24 24"
      width={32}
      xmlns="http://www.w3.org/2000/svg"
    >
      <line
        x1="18"
        x2="6"
        y1="6"
        y2="18"
      />
      <line
        x1="6"
        x2="18"
        y1="6"
        y2="18"
      />
    </svg>
  </div>
  <div
    className="css-rczwh0"
  >
    <h2
      className="css-1lzekp8"
      color="color"
    >
      Mindful to the max
    </h2>
  </div>
  <div
    className="css-1yhq37y"
    overflow="scroll"
  >
    <p
      className="css-1x9rsfv"
      color="color"
    >
      You have set the max number of break timers. To get access to unlimited break timers and add a break timer for foo subscribe to Muj≈ç.
    </p>
  </div>
  <div
    backgroundColor="gravel"
    className="css-1yqdfgl"
  >
    <button
      backgroundColor="saltBox"
      className="css-15foh21"
      color="white"
      onClick={[Function]}
      onMouseEnter={[Function]}
      onMouseLeave={[Function]}
      outlineColor="gravel"
      position="relative"
    >
      Subscription Details
    </button>
  </div>
</div>
`;
