// Jest Snapshot v1, https://goo.gl/fbAQLP

exports[`InfoModal should match snapshot 1`] = `
<div
  borderRadius="s"
  className="css-1gf8cdx"
  closeTimeoutMS={200}
  data-mujo={true}
  display="flex"
  flexDirection="column"
  isOpen={true}
  outlineColor="highlight"
  overlayClassName="mujo-modal css-ytzaji"
  padding="zero"
  portalClassName="css-1bdqre4"
  shouldCloseOnOverlayClick={true}
>
  <div
    className="css-10h3ml4"
  >
    <svg
      fill="none"
      height={32}
      icon="close"
      stroke="#EBE8E2"
      strokeLinecap="round"
      strokeLinejoin="round"
      strokeWidth="2"
      viewBox="0 0 24 24"
      width={32}
      xmlns="http://www.w3.org/2000/svg"
    >
      <line
        x1="18"
        x2="6"
        y1="6"
        y2="18"
      />
      <line
        x1="6"
        x2="18"
        y1="6"
        y2="18"
      />
    </svg>
  </div>
  <div
    className="css-fhw7rm"
  >
    <h2
      className="css-1wfok37"
    >
      Mindful to the max
    </h2>
  </div>
  <div
    className="css-bcyzqi"
  >
    <p
      className="css-wjm951"
    >
      You have set the max number of break timers. To get access to unlimited break timers and add a break timer for foo subscribe to Muj≈ç.
    </p>
  </div>
  <div
    className="css-fje8g2"
  >
    <button
      className="css-1l2hcvu"
      onClick={[Function]}
      onMouseEnter={[Function]}
      onMouseLeave={[Function]}
    >
      Subscription Details
    </button>
  </div>
</div>
`;
