// Jest Snapshot v1, https://goo.gl/fbAQLP

exports[`Tabs component matches snapshot 1`] = `"Foo"`;
