// Jest Snapshot v1, https://goo.gl/fbAQLP

exports[`PluginError should match snapshot 1`] = `"Foo"`;

exports[`PluginError should match when there is an error 1`] = `null`;
