// Jest Snapshot v1, https://goo.gl/fbAQLP

exports[`Input should match snapshot 1`] = `
<div
  className="css-w8s582"
>
  <label
    className="css-bvp4i1"
    color="mischka"
    htmlFor="label-is-required"
  >
    <small
      className="css-0"
    >
      Label is Required
    </small>
  </label>
  <input
    backgroundColor="mischka"
    className="css-ahxbxp"
    color="outerSpace"
    id="label-is-required"
    type="text"
  />
</div>
`;
