// Jest Snapshot v1, https://goo.gl/fbAQLP

exports[`Tabs component matches snapshot 1`] = `
<div
  className="css-1ur1i3x"
>
  <div
    className="css-17lhke"
    onClick={[Function]}
    onMouseEnter={[Function]}
    onMouseLeave={[Function]}
  >
    <div
      backgroundColor="saltBox"
      className="css-2djo8t"
      height="m"
      position="absolute"
      width="m"
    />
    <p
      className="css-1hhdzfd"
    >
      foo
    </p>
  </div>
  <div
    className="css-17lhke"
    onClick={[Function]}
    onMouseEnter={[Function]}
    onMouseLeave={[Function]}
  >
    <div
      backgroundColor="saltBox"
      className="css-2djo8t"
      height="m"
      position="absolute"
      width="m"
    />
    <p
      className="css-1hhdzfd"
    >
      bar
    </p>
  </div>
</div>
`;
