// Jest Snapshot v1, https://goo.gl/fbAQLP

exports[`Tab component matches snapshot 1`] = `
<div
  className="css-1on1v6"
  onMouseEnter={[Function]}
  onMouseLeave={[Function]}
>
  <div
    className="css-d7mqrv"
  />
  <p
    className="css-vemwun"
  >
    foo
  </p>
</div>
`;
