// Jest Snapshot v1, https://goo.gl/fbAQLP

exports[`should match the snapshot 1`] = `
<div
  className="css-goq3g4"
  color="mischka"
  position="relative"
/>
`;
